<p>This is the first specimen:</p>
<iframe src="Component Name/specimen-1.html"></iframe>
<pre><code class="language-specimen-1.html">&#x3C;b>Specimen 1&#x3C;/b>
</code></pre>
<pre><code class="language-specimen-1.css">b { color: red }
</code></pre>
<p>This is the second specimen:</p>
<iframe src="Component Name/specimen-2.html"></iframe>
<pre><code class="language-specimen-2.html">&#x3C;p>More specimen 2 content&#x3C;/p>
</code></pre>
<pre><code class="language-specimen-2.css">b { color: green }
</code></pre>