<p>This is the first specimen:</p>
<pre><code class="language-specimen-1.html">&#x3C;b>Specimen 1&#x3C;/b>
</code></pre>
<pre><code class="language-specimen-1.css">b { color: red }
</code></pre>
<p>This is a specimen with external imports:</p>
<pre><code class="language-specimen-2.html">import './imports.import-1.html'
&#x3C;b>Specimen 2&#x3C;/b>
</code></pre>
<pre><code class="language-specimen-2.js">import './imports.import-2.js'
import './imports.import-3.js'
var specimen = 2
</code></pre>
<pre><code class="language-specimen-2.css">import './imports.import-4.css'
b { color: green }
</code></pre>