<p>Specimen with frontmatter props:</p>
<iframe src="specimen.html"></iframe>
<pre><code class="language-specimen.html">&#x3C;b>Specimen&#x3C;/b>
</code></pre>