<p>Specimen with <code>hidden</code> flags:</p>
<pre><code class="language-specimen.html">&#x3C;b>Specimen&#x3C;/b>
</code></pre>
<pre><code class="language-specimen.js">var foo = 'not hidden'
</code></pre>