<p>This is the first specimen:</p>
<pre><code class="language-specimen-1.html">&#x3C;b>Specimen 1&#x3C;/b>
</code></pre>
<pre><code class="language-specimen-1.css">b { color: red }
</code></pre>
<p>This is a specimen with nested external imports:</p>
<pre><code class="language-specimen-2.css">span { color: blue }
</code></pre>
<pre><code class="language-specimen-2.html">&#x3C;span>Specimen 2 external import&#x3C;/span>
</code></pre>
<pre><code class="language-specimen-2.html">&#x3C;b>Specimen 2&#x3C;/b>
</code></pre>
<pre><code class="language-specimen-2.js">var externalImport1 = 'one'
</code></pre>
<pre><code class="language-specimen-2.js">var externalImport3 = 'three'
var externalImport4 = 'four'
var externalImport2 = 'two'
</code></pre>
<pre><code class="language-specimen-2.css">b { color: green }
</code></pre>