<!doctype html>
<html>
<head><title>Component Name</title></head>
<body>
[specimen-1]
[specimen-2]
</body>
</html>